../Core/Src/main.c:82:1:__io_putchar	16	static
../Core/Src/main.c:97:5:main	8	static
../Core/Src/main.c:146:6:SystemClock_Config	72	static
../Core/Src/main.c:185:13:MX_ADC1_Init	48	static
../Core/Src/main.c:269:13:MX_TIM3_Init	40	static
../Core/Src/main.c:314:13:MX_USART2_UART_Init	8	static
../Core/Src/main.c:347:13:MX_DMA_Init	16	static
../Core/Src/main.c:365:13:MX_GPIO_Init	48	static
../Core/Src/main.c:394:6:HAL_ADC_ConvCpltCallback	16	static
../Core/Src/main.c:415:6:Error_Handler	4	static,ignoring_inline_asm
