C:/Users/user/STM32Cube/Repository/STM32Cube_FW_F3_V1.11.3/Drivers/STM32F3xx_HAL_Driver/Src/stm32f3xx_hal_pwr_ex.c:129:6:HAL_PWR_ConfigPVD	16	static
C:/Users/user/STM32Cube/Repository/STM32Cube_FW_F3_V1.11.3/Drivers/STM32F3xx_HAL_Driver/Src/stm32f3xx_hal_pwr_ex.c:171:6:HAL_PWR_EnablePVD	4	static
C:/Users/user/STM32Cube/Repository/STM32Cube_FW_F3_V1.11.3/Drivers/STM32F3xx_HAL_Driver/Src/stm32f3xx_hal_pwr_ex.c:180:6:HAL_PWR_DisablePVD	4	static
C:/Users/user/STM32Cube/Repository/STM32Cube_FW_F3_V1.11.3/Drivers/STM32F3xx_HAL_Driver/Src/stm32f3xx_hal_pwr_ex.c:190:6:HAL_PWR_PVD_IRQHandler	8	static
C:/Users/user/STM32Cube/Repository/STM32Cube_FW_F3_V1.11.3/Drivers/STM32F3xx_HAL_Driver/Src/stm32f3xx_hal_pwr_ex.c:207:13:HAL_PWR_PVDCallback	4	static
